// Vitest Snapshot v1

exports[`<UserThumbnail /> > should match snapshot 1`] = `
<div>
  <div
    class="avatar btn btn-ghost btn-circle bg-base-100"
    tabindex="0"
  >
    <div
      class="w-10 rounded-full"
    >
      <div
        class="flex h-full items-center justify-center"
      >
        joh
      </div>
    </div>
  </div>
</div>
`;
